// Jest Snapshot v1, https://goo.gl/fbAQLP

exports[`renders ReactSpoiler 1`] = `
ShallowWrapper {
  Symbol(enzyme.__root__): [Circular],
  Symbol(enzyme.__unrendered__): <ReactSpoiler>
    <h2>
      ReactSpoiler Text1
    </h2>
  </ReactSpoiler>,
  Symbol(enzyme.__renderer__): Object {
    "batchedUpdates": [Function],
    "getNode": [Function],
    "render": [Function],
    "simulateError": [Function],
    "simulateEvent": [Function],
    "unmount": [Function],
  },
  Symbol(enzyme.__node__): Object {
    "instance": null,
    "key": undefined,
    "nodeType": "host",
    "props": Object {
      "children": <h2>
        ReactSpoiler Text1
      </h2>,
      "onClick": [Function],
      "onMouseEnter": [Function],
      "onMouseLeave": [Function],
      "style": Object {
        "filter": "blur(4px)",
      },
    },
    "ref": null,
    "rendered": Object {
      "instance": null,
      "key": undefined,
      "nodeType": "host",
      "props": Object {
        "children": "ReactSpoiler Text1",
      },
      "ref": null,
      "rendered": "ReactSpoiler Text1",
      "type": "h2",
    },
    "type": "div",
  },
  Symbol(enzyme.__nodes__): Array [
    Object {
      "instance": null,
      "key": undefined,
      "nodeType": "host",
      "props": Object {
        "children": <h2>
          ReactSpoiler Text1
        </h2>,
        "onClick": [Function],
        "onMouseEnter": [Function],
        "onMouseLeave": [Function],
        "style": Object {
          "filter": "blur(4px)",
        },
      },
      "ref": null,
      "rendered": Object {
        "instance": null,
        "key": undefined,
        "nodeType": "host",
        "props": Object {
          "children": "ReactSpoiler Text1",
        },
        "ref": null,
        "rendered": "ReactSpoiler Text1",
        "type": "h2",
      },
      "type": "div",
    },
  ],
  Symbol(enzyme.__options__): Object {
    "adapter": ReactSixteenAdapter {
      "options": Object {
        "enableComponentDidUpdateOnSetState": true,
        "lifecycles": Object {
          "componentDidUpdate": Object {
            "onSetState": true,
          },
          "getDerivedStateFromProps": true,
          "getSnapshotBeforeUpdate": true,
          "setState": Object {
            "skipsComponentDidUpdateOnNullish": true,
          },
        },
      },
    },
  },
}
`;
